
--- Log iniciado em: 2025-07-04 03:06:52.630978 ---
--- Reprodutor (v2.5 - Saída Independente) ---
[Controlo] Servidor de controlo a escutar na porta 1235
[Controlo] Novo cliente de controlo conectado: ('127.0.0.1', 8602)
▶ [Áudio] A iniciar stream para: 1. Santana - Batuka  [USSM17100231].flac
[Controlo] A transmitir mensagem: PLAY:F:\Midioteca\Musica\Santana\(1971) Santana (III)\1. Santana - Batuka  [USSM17100231].flac
[Controlo] Novo cliente de controlo conectado: ('127.0.0.1', 8675)

Pedido de encerramento recebido (KeyboardInterrupt)...
[Áudio] A parar stream de áudio atual...
[Controlo] A desligar servidor de controlo...
Reprodutor encerrado.

--- Log iniciado em: 2025-07-04 03:09:05.175157 ---
--- Reprodutor (v2.5 - Saída Independente) ---
▶ [Áudio] A iniciar stream para: 1. Santana - Batuka  [USSM17100231].flac
[Controlo] Servidor de controlo a escutar na porta 1235
[Controlo] A transmitir mensagem: PLAY:F:\Midioteca\Musica\Santana\(1971) Santana (III)\1. Santana - Batuka  [USSM17100231].flac
[Controlo] Novo cliente de controlo conectado: ('127.0.0.1', 8724)
[Áudio] A parar stream de áudio atual...
⏹ [Áudio] Fila vazia. Parando a reprodução.
[Controlo] A transmitir mensagem: STOP
▶ [Áudio] A iniciar stream para: 1. Santana - Batuka  [USSM17100231].flac
[Controlo] A transmitir mensagem: PLAY:F:\Midioteca\Musica\Santana\(1971) Santana (III)\1. Santana - Batuka  [USSM17100231].flac
[Áudio] A parar stream de áudio atual...
⏹ [Áudio] Fila vazia. Parando a reprodução.
[Controlo] A transmitir mensagem: STOP

Pedido de encerramento recebido (KeyboardInterrupt)...
[Controlo] A desligar servidor de controlo...
Reprodutor encerrado.

--- Log iniciado em: 2025-07-04 03:10:52.073268 ---
--- Reprodutor (v2.5 - Saída Independente) ---
[Controlo] Servidor de controlo a escutar na porta 1235
[Controlo] Novo cliente de controlo conectado: ('127.0.0.1', 8827)
▶ [Áudio] A iniciar stream para: 1. Santana - Batuka  [USSM17100231].flac
[Controlo] A transmitir mensagem: PLAY:F:\Midioteca\Musica\Santana\(1971) Santana (III)\1. Santana - Batuka  [USSM17100231].flac

Pedido de encerramento recebido (KeyboardInterrupt)...
[Áudio] A parar stream de áudio atual...
[Controlo] A desligar servidor de controlo...
Reprodutor encerrado.

--- Log iniciado em: 2025-07-04 03:13:50.251238 ---
--- Reprodutor (v2.5 - Saída Independente) ---
[Controlo] Servidor de controlo a escutar na porta 1235
[Controlo] Novo cliente de controlo conectado: ('127.0.0.1', 8996)
▶ [Áudio] A iniciar stream para: 1. Santana - Batuka  [USSM17100231].flac
[Controlo] A transmitir mensagem: PLAY:F:\Midioteca\Musica\Santana\(1971) Santana (III)\1. Santana - Batuka  [USSM17100231].flac

Pedido de encerramento recebido (KeyboardInterrupt)...
[Áudio] A parar stream de áudio atual...
[Controlo] A desligar servidor de controlo...
Reprodutor encerrado.

--- Log iniciado em: 2025-07-04 03:17:02.058561 ---
--- Reprodutor (v2.5 - Saída Independente) ---
[Controlo] Servidor de controlo a escutar na porta 1235
[Controlo] Novo cliente de controlo conectado: ('127.0.0.1', 9183)
▶ [Áudio] A iniciar stream para: 1. Santana - Batuka  [USSM17100231].flac
[Controlo] A transmitir mensagem: PLAY:F:\Midioteca\Musica\Santana\(1971) Santana (III)\1. Santana - Batuka  [USSM17100231].flac
[Áudio] A parar stream de áudio atual...
⏹ [Áudio] Fila vazia. Parando a reprodução.
[Controlo] A transmitir mensagem: STOP
[Controlo] Novo cliente de controlo conectado: ('127.0.0.1', 9222)

Pedido de encerramento recebido (KeyboardInterrupt)...
[Controlo] A desligar servidor de controlo...
Reprodutor encerrado.

--- Log iniciado em: 2025-07-04 03:20:02.227983 ---
--- Reprodutor (v2.5 - Saída Independente) ---
[Controlo] Servidor de controlo a escutar na porta 1235
[Controlo] Novo cliente de controlo conectado: ('127.0.0.1', 9570)
▶ [Áudio] A iniciar stream para: 1. Bob Dylan - Like a Rolling Stone (Album Version)  [USSM19922509].flac
[Controlo] Novo cliente de controlo conectado: ('127.0.0.1', 9591)
[Controlo] A transmitir mensagem: PLAY:F:\Midioteca\Musica\Bob Dylan\(1965) Highway 61 Revisited\1. Bob Dylan - Like a Rolling Stone (Album Version)  [USSM19922509].flac
✔ [Áudio] Stream da música '1. Bob Dylan - Like a Rolling Stone (Album Version)  [USSM19922509].flac' terminou naturalmente.
↪ Fila atualizada, avançando para a próxima.
▶ [Áudio] A iniciar stream para: 2. Bob Dylan - Tombstone Blues (Album Version)  [USSM19922508].flac

Pedido de encerramento recebido (KeyboardInterrupt)...
[Controlo] A desligar servidor de controlo...
Reprodutor encerrado.

--- Log iniciado em: 2025-07-04 03:21:32.166802 ---
--- Reprodutor (v2.5 - Saída Independente) ---
▶ [Áudio] A iniciar stream para: 2. Bob Dylan - Tombstone Blues (Album Version)  [USSM19922508].flac
[Controlo] Servidor de controlo a escutar na porta 1235
[Controlo] A transmitir mensagem: PLAY:F:\Midioteca\Musica\Bob Dylan\(1965) Highway 61 Revisited\2. Bob Dylan - Tombstone Blues (Album Version)  [USSM19922508].flac
[Controlo] Novo cliente de controlo conectado: ('127.0.0.1', 9665)
[Áudio] A parar stream de áudio atual...
▶ [Áudio] A iniciar stream para: 1. Bob Dylan - Like a Rolling Stone (Album Version)  [USSM19922509].flac
[Controlo] A transmitir mensagem: PLAY:F:\Midioteca\Musica\Bob Dylan\(1965) Highway 61 Revisited\1. Bob Dylan - Like a Rolling Stone (Album Version)  [USSM19922509].flac

Pedido de encerramento recebido (KeyboardInterrupt)...
[Áudio] A parar stream de áudio atual...
[Controlo] A desligar servidor de controlo...
Reprodutor encerrado.

--- Log iniciado em: 2025-07-04 03:22:46.484059 ---
--- Reprodutor (v2.5 - Saída Independente) ---
[Controlo] Servidor de controlo a escutar na porta 1235
[Controlo] Novo cliente de controlo conectado: ('127.0.0.1', 9735)
▶ [Áudio] A iniciar stream para: 1. Bob Dylan - Like a Rolling Stone (Album Version)  [USSM19922509].flac
[Controlo] A transmitir mensagem: PLAY:F:\Midioteca\Musica\Bob Dylan\(1965) Highway 61 Revisited\1. Bob Dylan - Like a Rolling Stone (Album Version)  [USSM19922509].flac
✔ [Áudio] Stream da música '1. Bob Dylan - Like a Rolling Stone (Album Version)  [USSM19922509].flac' terminou naturalmente.
↪ Fila atualizada, avançando para a próxima.
▶ [Áudio] A iniciar stream para: 2. Bob Dylan - Tombstone Blues (Album Version)  [USSM19922508].flac
[Controlo] A transmitir mensagem: PLAY:F:\Midioteca\Musica\Bob Dylan\(1965) Highway 61 Revisited\2. Bob Dylan - Tombstone Blues (Album Version)  [USSM19922508].flac
[Áudio] A parar stream de áudio atual...
⏹ [Áudio] Fila vazia. Parando a reprodução.
[Controlo] A transmitir mensagem: STOP

Pedido de encerramento recebido (KeyboardInterrupt)...
[Controlo] A desligar servidor de controlo...
Reprodutor encerrado.
